﻿
> adalat360@0.0.0 build
> tsc -b && vite build

[36mvite v8.0.16 [32mbuilding client environment for production...[36m[39m
[2K
transforming...Γ£ô 1965 modules transformed.
rendering chunks...
computing gzip size...
dist/index.html                             0.67 kB Γöé gzip:   0.38 kB
dist/assets/index-BqcZ_-do.css             61.19 kB Γöé gzip:  11.30 kB
dist/assets/appInfo-BN6x5cWx.js             0.11 kB Γöé gzip:   0.12 kB
dist/assets/mail-BXPksdOF.js                0.20 kB Γöé gzip:   0.19 kB
dist/assets/download-NL51NcIB.js            0.22 kB Γöé gzip:   0.18 kB
dist/assets/message-square-CsDuqLqh.js      0.22 kB Γöé gzip:   0.19 kB
dist/assets/history-Cxc9F9IQ.js             0.22 kB Γöé gzip:   0.18 kB
dist/assets/eye-BwLb3xL4.js                 0.24 kB Γöé gzip:   0.19 kB
dist/assets/trending-up-CzRDBt5p.js         0.25 kB Γöé gzip:   0.21 kB
dist/assets/list-plus-BOKFcKp3.js           0.25 kB Γöé gzip:   0.18 kB
dist/assets/bell-jf6PtwNS.js                0.27 kB Γöé gzip:   0.22 kB
dist/assets/list-todo-D_B65C4L.js           0.28 kB Γöé gzip:   0.21 kB
dist/assets/users-BTKJRg1Z.js               0.29 kB Γöé gzip:   0.21 kB
dist/assets/gavel-DrE7b1s5.js               0.30 kB Γöé gzip:   0.21 kB
dist/assets/refresh-cw-CFedNRAh.js          0.31 kB Γöé gzip:   0.22 kB
dist/assets/trash-2-BVMShSrb.js             0.31 kB Γöé gzip:   0.20 kB
dist/assets/shield-alert-C9cna5Xt.js        0.34 kB Γöé gzip:   0.25 kB
dist/assets/calendar-clock-ZyZZYsbj.js      0.36 kB Γöé gzip:   0.24 kB
dist/assets/landmark-Ctr_YWzr.js            0.37 kB Γöé gzip:   0.24 kB
dist/assets/triangle-alert-DPzNyPsH.js      0.37 kB Γöé gzip:   0.26 kB
dist/assets/card-dIQeFx2C.js                1.10 kB Γöé gzip:   0.43 kB
dist/assets/label-Cic38uZK.js               1.13 kB Γöé gzip:   0.59 kB
dist/assets/Login-IAe6i56s.js               3.15 kB Γöé gzip:   1.39 kB
dist/assets/empty-state-B8ggu_QJ.js         3.22 kB Γöé gzip:   1.31 kB
dist/assets/tabs-CGaj8HP5.js                3.46 kB Γöé gzip:   1.44 kB
dist/assets/caseType-Dq3yD_ll.js            4.60 kB Γöé gzip:   1.51 kB
dist/assets/UpcomingHearings-D5zhk5eN.js    5.04 kB Γöé gzip:   1.90 kB
dist/assets/userManagement-Bo5AcL5h.js      5.60 kB Γöé gzip:   2.03 kB
dist/assets/dist-CtRIsKLb.js                6.02 kB Γöé gzip:   2.38 kB
dist/assets/useQuery-r2NuzzsM.js            8.79 kB Γöé gzip:   3.21 kB
dist/assets/About-C3yXgRL2.js              12.71 kB Γöé gzip:   3.82 kB
dist/assets/TodaysListings-CR79z_61.js     13.02 kB Γöé gzip:   4.36 kB
dist/assets/dropdown-menu-C8e6BM0S.js      24.52 kB Γöé gzip:   7.20 kB
dist/assets/BulkUpload-uPoMIXzo.js         27.74 kB Γöé gzip:   7.61 kB
dist/assets/utils-C_SVIt5a.js              37.04 kB Γöé gzip:  12.45 kB
dist/assets/Dashboard-BYDwXOS2.js          45.20 kB Γöé gzip:   9.59 kB
dist/assets/Organizations-Ci4TMNSY.js      45.95 kB Γöé gzip:  10.16 kB
dist/assets/Administration-1fA83Y0j.js     47.43 kB Γöé gzip:  11.63 kB
dist/assets/Cases-D5Zn1CRA.js              48.13 kB Γöé gzip:  11.41 kB
dist/assets/select-DVCsHiha.js             49.44 kB Γöé gzip:  17.49 kB
dist/assets/CaseDetailsModal-fmtBUeJg.js   82.21 kB Γöé gzip:  19.64 kB
dist/assets/dist-DdegfPGu.js              210.06 kB Γöé gzip:  54.69 kB
dist/assets/index-Bd7_dxLX.js             337.21 kB Γöé gzip: 105.62 kB
dist/assets/connections-Dng0mCuW.js       424.75 kB Γöé gzip: 141.61 kB

npm : [33m[33m[PLUGIN_TIMINGS] [0mYour build spent significant time in 
plugins. Here is a breakdown:
At line:1 char:1
+ npm run build > build-output.txt 2>&1
+ ~~~~~~~~~~~~~~~~~~~~~~~~~~~~~~~~~~~~~
    + CategoryInfo          : NotSpecified: ([33m[33m[PLUG...is a breakdown: 
   :String) [], RemoteException
    + FullyQualifiedErrorId : NativeCommandError
 
  - vite:css (47%)
  - rolldown:vite-resolve (14%)
  - vite:css-post (10%)
See https://rolldown.rs/options/checks#plugintimings for more details.
[39m
[32mΓ£ô built in 6.79s[39m
